best/trump_short_1.flac         3.7s q=+0.827 simL=0.84 simB=0.98 wer=0.00 cer=0.00 pace=0.97  [P3_stream/trump_short_c1_n8_stream_inlin]
best/trump_medium_1.flac        7.9s q=+0.874 simL=0.88 simB=0.99 wer=0.00 cer=0.00 pace=1.02  [P2_matrix/trump_medium_c16_n32_nonstream]
best/trump_long_1.flac         18.1s q=+0.904 simL=0.91 simB=0.99 wer=0.00 cer=0.00 pace=1.00  [P2_matrix/trump_long_c32_n32_nonstream_i]
best/trump_30s_1.flac          30.5s q=+0.885 simL=0.89 simB=0.99 wer=0.00 cer=0.00 pace=1.00  [P3_stream/trump_xlong_c32_n32_stream_inl]
best/trump_60s_1.flac          66.4s q=+0.877 simL=0.88 simB=0.99 wer=0.00 cer=0.00 pace=1.00  [X7_split_60/split_60_trump_xxlong_c8_n43]
best/trump_short_2.flac         5.2s q=+0.824 simL=0.84 simB=0.98 wer=0.00 cer=0.00 pace=0.96  [P3_stream/trump_short_c16_n32_stream_inl]
best/trump_medium_2.flac       11.8s q=+0.868 simL=0.87 simB=0.98 wer=0.00 cer=0.00 pace=1.01  [P2_matrix/trump_medium_c32_n64_nonstream]
best/trump_long_2.flac         15.4s q=+0.870 simL=0.87 simB=0.99 wer=0.00 cer=0.00 pace=1.00  [P2_matrix/trump_long_c16_n16_nonstream_i]
best/trump_30s_2.flac          30.3s q=+0.884 simL=0.89 simB=0.99 wer=0.00 cer=0.00 pace=1.01  [P3_stream/trump_xlong_c32_n32_stream_inl]
best/trump_60s_2.flac          65.8s q=+0.869 simL=0.88 simB=0.99 wer=0.00 cer=0.00 pace=1.02  [X7_split_60/split_60_trump_xxlong_c8_n43]
mid/trump_short_1.flac          5.2s q=+0.754 simL=0.79 simB=0.98 wer=0.00 cer=0.00 pace=1.08  [P3_stream/trump_short_c16_n32_stream_inl]
mid/trump_medium_1.flac         6.4s q=+0.754 simL=0.77 simB=0.98 wer=0.00 cer=0.00 pace=1.03  [P2_matrix/trump_medium_c16_n32_nonstream]
mid/trump_long_1.flac          16.6s q=+0.752 simL=0.81 simB=0.99 wer=0.00 cer=0.00 pace=1.12  [P2_matrix/trump_long_c1_n4_nonstream_inl]
mid/trump_30s_1.flac           31.9s q=+0.754 simL=0.78 simB=0.97 wer=0.00 cer=0.00 pace=0.94  [P3_stream/trump_xlong_c4_n6_stream_inlin]
mid/trump_60s_1.flac           60.0s q=+0.755 simL=0.79 simB=0.98 wer=0.00 cer=0.00 pace=0.95  [P2_matrix/trump_xxlong_c1_n4_nonstream_i]
worst/trump_60s_1.flac         63.4s q=-0.233 simL=-0.09 simB=0.71 wer=0.04 cer=0.03 pace=1.06 wrong voice (another speaker) [P2_matrix/trump_xxlong_c32_n32_nonstream]
worst/trump_medium_1.flac      14.1s q=-0.253 simL=0.04 simB=0.76 wer=0.05 cer=0.03 pace=1.30 wrong voice (another speaker) [P2_high_c/trump_medium_c64_n128_nonstrea]
worst/trump_short_1.flac        4.5s q=+0.067 simL=0.09 simB=0.77 wer=0.00 cer=0.00 pace=1.05 wrong voice (another speaker) [P3_stream/trump_short_c8_n16_stream_inli]
worst/trump_short_2.flac        2.7s q=-0.092 simL=0.62 simB=0.97 wer=0.00 cer=0.00 pace=2.43 far too long for its text (padding / drawn out) [P2_matrix/trump_short_c8_n16_nonstream_i]
worst/trump_30s_1.flac         30.9s q=+0.504 simL=0.85 simB=0.99 wer=0.09 cer=0.07 pace=1.15 phrase skipped [P8_quality_guard_fast/guardfast_trump_pr]
best/shehbaz_short_1.flac       5.1s q=+0.740 simL=0.82 simB=0.98 wer=0.13 cer=0.05 pace=1.07  [P3_stream/shehbaz_short_c32_n64_stream_i]
best/shehbaz_medium_1.flac      9.8s q=+0.763 simL=0.85 simB=0.98 wer=0.21 cer=0.06 pace=1.06  [P2_matrix/shehbaz_medium_c16_n32_nonstre]
best/shehbaz_long_1.flac       19.2s q=+0.702 simL=0.83 simB=0.98 wer=0.30 cer=0.11 pace=0.96  [P2_matrix/shehbaz_long_c16_n16_nonstream]
best/shehbaz_30s_1.flac        36.2s q=+0.742 simL=0.86 simB=0.98 wer=0.30 cer=0.11 pace=0.99  [P5_urdu_nsm/nsm_rp1.05_shehbaz_prompts_c]
best/shehbaz_60s_1.flac        72.5s q=+0.747 simL=0.86 simB=0.99 wer=0.22 cer=0.09 pace=1.05  [X8_split_nsm/split60_nsm_shehbaz_xxlong_]
best/shehbaz_short_2.flac       2.6s q=+0.735 simL=0.74 simB=0.93 wer=0.00 cer=0.00 pace=0.99  [P3_stream/shehbaz_short_c16_n32_stream_i]
best/shehbaz_medium_2.flac      8.2s q=+0.748 simL=0.82 simB=0.98 wer=0.12 cer=0.07 pace=0.98  [P2_matrix/shehbaz_medium_c32_n64_nonstre]
best/shehbaz_long_2.flac       25.0s q=+0.697 simL=0.83 simB=0.98 wer=0.25 cer=0.10 pace=1.07  [P2_matrix/shehbaz_long_c32_n32_nonstream]
best/shehbaz_30s_2.flac        35.0s q=+0.716 simL=0.82 simB=0.98 wer=0.30 cer=0.09 pace=1.02  [P5_urdu_nsm/nsm_rp1.05_shehbaz_prompts_c]
best/shehbaz_60s_2.flac        70.7s q=+0.669 simL=0.86 simB=0.99 wer=0.40 cer=0.19 pace=1.00  [X7_split_60/split_60_shehbaz_xxlong_c8_n]
mid/shehbaz_short_1.flac        9.7s q=+0.560 simL=0.80 simB=0.98 wer=0.40 cer=0.15 pace=1.18  [P2_matrix/shehbaz_short_c32_n64_nonstrea]
mid/shehbaz_medium_1.flac       8.2s q=+0.558 simL=0.67 simB=0.97 wer=0.10 cer=0.03 pace=1.17  [P2_matrix/shehbaz_medium_c16_n32_nonstre]
mid/shehbaz_long_1.flac        22.4s q=+0.564 simL=0.79 simB=0.98 wer=0.41 cer=0.20 pace=1.04  [P2_matrix/shehbaz_long_c8_n8_nonstream_i]
mid/shehbaz_30s_1.flac         35.8s q=+0.565 simL=0.73 simB=0.98 wer=0.34 cer=0.14 pace=0.94  [P5_urdu_nsm/nsm_rp1.05_shehbaz_prompts_c]
mid/shehbaz_60s_1.flac         61.7s q=+0.614 simL=0.78 simB=0.98 wer=0.35 cer=0.14 pace=0.96  [X6_nsm_long_urdu/nsm_true_shehbaz_xxlong]
worst/shehbaz_long_1.flac      23.2s q=-0.288 simL=0.72 simB=0.97 wer=1.00 cer=0.97 pace=1.06 garbled speech [P7_gateway/gw_r1_shehbaz_long_c32_n64_no]
worst/shehbaz_30s_1.flac       34.9s q=+0.449 simL=0.81 simB=0.99 wer=0.46 cer=0.35 pace=0.98 skipped passage at a normal duration [P5_urdu_rp110/rp1.10_shehbaz_prompts_c16]
worst/shehbaz_30s_2.flac       47.0s q=+0.210 simL=0.72 simB=0.98 wer=0.73 cer=0.40 pace=1.22 loop Whisper hears as one long word [P2_high_c/shehbaz_xlong_c64_n64_nonstrea]
worst/shehbaz_30s_3.flac       31.8s q=-0.132 simL=0.81 simB=0.98 wer=0.94 cer=0.93 pace=0.99 long voiced gap (filler / babble) [P5_urdu_rp105/rp1.05_shehbaz_prompts_c16]
worst/shehbaz_short_1.flac      8.3s q=+0.129 simL=0.72 simB=0.97 wer=0.25 cer=0.15 pace=1.87 pace far off (cut short or padded) [P2_high_c/shehbaz_short_c64_n128_nonstre]
