Collecting faster-whisper
  Using cached faster_whisper-1.2.1-py3-none-any.whl.metadata (16 kB)
Collecting ctranslate2<5,>=4.0 (from faster-whisper)
  Using cached ctranslate2-4.8.2-cp312-cp312-manylinux_2_27_x86_64.manylinux_2_28_x86_64.whl.metadata (11 kB)
Collecting huggingface-hub>=0.21 (from faster-whisper)
  Using cached huggingface_hub-2.0.0-py3-none-any.whl.metadata (16 kB)
Collecting tokenizers<1,>=0.13 (from faster-whisper)
  Using cached tokenizers-0.23.2-cp310-abi3-manylinux_2_17_x86_64.manylinux2014_x86_64.whl.metadata (9.8 kB)
Collecting onnxruntime<2,>=1.14 (from faster-whisper)
  Using cached onnxruntime-1.30.0-cp312-cp312-manylinux_2_28_x86_64.whl.metadata (5.7 kB)
Collecting av>=11 (from faster-whisper)
  Using cached av-18.1.0-cp311-abi3-manylinux_2_28_x86_64.whl.metadata (5.0 kB)
Collecting tqdm (from faster-whisper)
  Using cached tqdm-4.70.1-py3-none-any.whl.metadata (57 kB)
Collecting numpy (from ctranslate2<5,>=4.0->faster-whisper)
  Using cached numpy-2.5.3-cp312-cp312-manylinux_2_27_x86_64.manylinux_2_28_x86_64.whl.metadata (6.6 kB)
Collecting pyyaml<7,>=5.3 (from ctranslate2<5,>=4.0->faster-whisper)
  Using cached pyyaml-6.0.3-cp312-cp312-manylinux2014_x86_64.manylinux_2_17_x86_64.manylinux_2_28_x86_64.whl.metadata (2.4 kB)
Collecting flatbuffers (from onnxruntime<2,>=1.14->faster-whisper)
  Using cached flatbuffers-25.12.19-py2.py3-none-any.whl.metadata (1.0 kB)
Collecting packaging (from onnxruntime<2,>=1.14->faster-whisper)
  Using cached packaging-26.3-py3-none-any.whl.metadata (3.5 kB)
Collecting protobuf>=4.25.8 (from onnxruntime<2,>=1.14->faster-whisper)
  Using cached protobuf-7.36.2-cp310-abi3-manylinux2014_x86_64.whl.metadata (595 bytes)
Collecting huggingface-hub>=0.21 (from faster-whisper)
  Using cached huggingface_hub-1.33.0-py3-none-any.whl.metadata (16 kB)
Collecting click<9.0.0,>=8.4.2 (from huggingface-hub>=0.21->faster-whisper)
  Using cached click-8.5.0-py3-none-any.whl.metadata (2.6 kB)
Collecting filelock>=3.10.0 (from huggingface-hub>=0.21->faster-whisper)
  Using cached filelock-4.0.3-py3-none-any.whl.metadata (2.0 kB)
Collecting fsspec>=2023.5.0 (from huggingface-hub>=0.21->faster-whisper)
  Using cached fsspec-2026.9.0-py3-none-any.whl.metadata (10 kB)
Collecting hf-xet<2.0.0,>=1.6.0 (from huggingface-hub>=0.21->faster-whisper)
  Using cached hf_xet-1.6.0-cp38-abi3-manylinux2014_x86_64.manylinux_2_17_x86_64.whl.metadata (4.9 kB)
Collecting httpx<1,>=0.23.0 (from huggingface-hub>=0.21->faster-whisper)
  Using cached httpx-0.28.1-py3-none-any.whl.metadata (7.1 kB)
Collecting typing-extensions>=4.1.0 (from huggingface-hub>=0.21->faster-whisper)
  Using cached typing_extensions-4.16.0-py3-none-any.whl.metadata (3.3 kB)
Collecting anyio (from httpx<1,>=0.23.0->huggingface-hub>=0.21->faster-whisper)
  Using cached anyio-4.15.1-py3-none-any.whl.metadata (4.7 kB)
Collecting certifi (from httpx<1,>=0.23.0->huggingface-hub>=0.21->faster-whisper)
  Using cached certifi-2026.7.22-py3-none-any.whl.metadata (2.5 kB)
Collecting httpcore==1.* (from httpx<1,>=0.23.0->huggingface-hub>=0.21->faster-whisper)
  Using cached httpcore-1.0.9-py3-none-any.whl.metadata (21 kB)
Collecting idna (from httpx<1,>=0.23.0->huggingface-hub>=0.21->faster-whisper)
  Using cached idna-3.20-py3-none-any.whl.metadata (7.2 kB)
Collecting h11>=0.16 (from httpcore==1.*->httpx<1,>=0.23.0->huggingface-hub>=0.21->faster-whisper)
  Using cached h11-0.16.0-py3-none-any.whl.metadata (8.3 kB)
Would install PyYAML-6.0.3 anyio-4.15.1 av-18.1.0 certifi-2026.7.22 click-8.5.0 ctranslate2-4.8.2 faster-whisper-1.2.1 filelock-4.0.3 flatbuffers-25.12.19 fsspec-2026.9.0 h11-0.16.0 hf-xet-1.6.0 httpcore-1.0.9 httpx-0.28.1 huggingface_hub-1.33.0 idna-3.20 numpy-2.5.3 onnxruntime-1.30.0 packaging-26.3 protobuf-7.36.2 tokenizers-0.23.2 tqdm-4.70.1 typing_extensions-4.16.0
